Microsoft (R) Roslyn C# Compiler version 1.3.3.60707
Loading context from 'CSharpInteractive.rsp'.
Type "#help" for more information.
> var inputString = "GATGGAACTTGACTACGTAAATT";
> inputString
"GATGGAACTTGACTACGTAAATT"
> char c = 'a';
> foreach (char a in inputString) { Console.WriteLine(a); }
G
A
T
G
G
A
A
C
T
T
G
A
C
T
A
C
G
T
A
A
A
T
T
> for (int i = 0; i < inputString.Length; i++) { Console.Write(inputString[inputString.Length - 1 - i]); }
TTAAATGCATCAGTTCAAGGTAG
> for (var i = inputString.Length - 1; i >= 0; i--)
. {
.     Console.Write(inputString[i]);
. }
TTAAATGCATCAGTTCAAGGTAG
> string outputString = "";
. for (var i = inputString.Length; i >= 0; i--)
. {
.     outputString += inputString[i];
. }
. Console.WriteLine(outputString);
De index ligt buiten de matrixgrenzen.
  + string.get_Chars(int)
> for (var i = inputString.Length; i >= 0; i--)
. {
.     Console.Write(inputString[i]);
. }
De index ligt buiten de matrixgrenzen.
  + string.get_Chars(int)
> inputString[2];
(1,1): error CS0201: Only assignment, call, increment, decrement, and new object expressions can be used as a statement
> Console.WriteLine(inputString[2]);
T
> string outputString = "";
. for (var i = inputString.Length - 1 ; i >= 0; i--)
. {
.     outputString += inputString[i];
. }
. Console.WriteLine(outputString);
TTAAATGCATCAGTTCAAGGTAG
> for (var i = inputString.Length - 1    ; i >= 0; i--)
. {
.     Console.Write(inputString[i]);
. }
TTAAATGCATCAGTTCAAGGTAG
> Console.WriteLine(inputString[0]);
G
> string DraaiStringOm(string inputString)
. {
.     string outputString = "";
.     for (var i = inputString.Length - 1; i >= 0; i--)
.     {
.         outputString += inputString[i];
.     }
.     return outputString;
. }
> Console.WriteLine(DraaiStringOm(inputString));
. Console.WriteLine(DraaiStringOm("Joske"));
TTAAATGCATCAGTTCAAGGTAG
eksoJ
> class StringTools
. {
.     public string DraaiStringOm(string inputString)
.     {
.         string outputString = "";
.         for (var i = inputString.Length - 1; i >= 0; i--)
.         {
.             outputString += inputString[i];
.         }
.         return outputString;
.     }
. }
> StringTools st = new StringTools();
> st.DraaiStringOm("Joske");
> Console.WriteLine(st.DraaiStringOm("Joske"));
eksoJ
> foreach (var ch in inputString)
. {
.     Console.WriteLine(ch);
. }
G
A
T
G
G
A
A
C
T
T
G
A
C
T
A
C
G
T
A
A
A
T
T
> string outputString = "";
. foreach (var ch in inputString)
. {
.     Console.WriteLine(ch);
. }
G
A
T
G
G
A
A
C
T
T
G
A
C
T
A
C
G
T
A
A
A
T
T
> string outputString = "";
. foreach (var ch in inputString)
. {
.     if (ch == 'T') outputString += 'U';
.     else outputString += ch;
. }
> 